###############################################################################
#
# IAR ELF Linker V8.20.1.14183/W32 for ARM                23/Mar/2022  10:28:24
# Copyright 2007-2017 IAR Systems AB.
#
#    Output file  =  
#        D:\study_github\Projects\NUCLEO-L452RE\Applications\FreeRTOS\FreeRTOS_ThreadCreation\EWARM\STM32L452RE_NUCLEO\Exe\Project.out
#    Map file     =  
#        D:\study_github\Projects\NUCLEO-L452RE\Applications\FreeRTOS\FreeRTOS_ThreadCreation\EWARM\STM32L452RE_NUCLEO\List\Project.map
#    Command line =  
#        -f C:\Users\Leoli\AppData\Local\Temp\EW8D0E.tmp
#        (D:\study_github\Projects\NUCLEO-L452RE\Applications\FreeRTOS\FreeRTOS_ThreadCreation\EWARM\STM32L452RE_NUCLEO\Obj\board_init.o
#        D:\study_github\Projects\NUCLEO-L452RE\Applications\FreeRTOS\FreeRTOS_ThreadCreation\EWARM\STM32L452RE_NUCLEO\Obj\ButtonTask.o
#        D:\study_github\Projects\NUCLEO-L452RE\Applications\FreeRTOS\FreeRTOS_ThreadCreation\EWARM\STM32L452RE_NUCLEO\Obj\cmsis_os.o
#        D:\study_github\Projects\NUCLEO-L452RE\Applications\FreeRTOS\FreeRTOS_ThreadCreation\EWARM\STM32L452RE_NUCLEO\Obj\Display_task.o
#        D:\study_github\Projects\NUCLEO-L452RE\Applications\FreeRTOS\FreeRTOS_ThreadCreation\EWARM\STM32L452RE_NUCLEO\Obj\heap_4.o
#        D:\study_github\Projects\NUCLEO-L452RE\Applications\FreeRTOS\FreeRTOS_ThreadCreation\EWARM\STM32L452RE_NUCLEO\Obj\lcddriver_ist3088.o
#        D:\study_github\Projects\NUCLEO-L452RE\Applications\FreeRTOS\FreeRTOS_ThreadCreation\EWARM\STM32L452RE_NUCLEO\Obj\list.o
#        D:\study_github\Projects\NUCLEO-L452RE\Applications\FreeRTOS\FreeRTOS_ThreadCreation\EWARM\STM32L452RE_NUCLEO\Obj\main.o
#        D:\study_github\Projects\NUCLEO-L452RE\Applications\FreeRTOS\FreeRTOS_ThreadCreation\EWARM\STM32L452RE_NUCLEO\Obj\port.o
#        D:\study_github\Projects\NUCLEO-L452RE\Applications\FreeRTOS\FreeRTOS_ThreadCreation\EWARM\STM32L452RE_NUCLEO\Obj\portasm.o
#        D:\study_github\Projects\NUCLEO-L452RE\Applications\FreeRTOS\FreeRTOS_ThreadCreation\EWARM\STM32L452RE_NUCLEO\Obj\queue.o
#        D:\study_github\Projects\NUCLEO-L452RE\Applications\FreeRTOS\FreeRTOS_ThreadCreation\EWARM\STM32L452RE_NUCLEO\Obj\startup_stm32l452xx.o
#        D:\study_github\Projects\NUCLEO-L452RE\Applications\FreeRTOS\FreeRTOS_ThreadCreation\EWARM\STM32L452RE_NUCLEO\Obj\stm32l4xx_hal.o
#        D:\study_github\Projects\NUCLEO-L452RE\Applications\FreeRTOS\FreeRTOS_ThreadCreation\EWARM\STM32L452RE_NUCLEO\Obj\stm32l4xx_hal_cortex.o
#        D:\study_github\Projects\NUCLEO-L452RE\Applications\FreeRTOS\FreeRTOS_ThreadCreation\EWARM\STM32L452RE_NUCLEO\Obj\stm32l4xx_hal_dma.o
#        D:\study_github\Projects\NUCLEO-L452RE\Applications\FreeRTOS\FreeRTOS_ThreadCreation\EWARM\STM32L452RE_NUCLEO\Obj\stm32l4xx_hal_gpio.o
#        D:\study_github\Projects\NUCLEO-L452RE\Applications\FreeRTOS\FreeRTOS_ThreadCreation\EWARM\STM32L452RE_NUCLEO\Obj\stm32l4xx_hal_i2c.o
#        D:\study_github\Projects\NUCLEO-L452RE\Applications\FreeRTOS\FreeRTOS_ThreadCreation\EWARM\STM32L452RE_NUCLEO\Obj\stm32l4xx_hal_pwr.o
#        D:\study_github\Projects\NUCLEO-L452RE\Applications\FreeRTOS\FreeRTOS_ThreadCreation\EWARM\STM32L452RE_NUCLEO\Obj\stm32l4xx_hal_pwr_ex.o
#        D:\study_github\Projects\NUCLEO-L452RE\Applications\FreeRTOS\FreeRTOS_ThreadCreation\EWARM\STM32L452RE_NUCLEO\Obj\stm32l4xx_hal_rcc.o
#        D:\study_github\Projects\NUCLEO-L452RE\Applications\FreeRTOS\FreeRTOS_ThreadCreation\EWARM\STM32L452RE_NUCLEO\Obj\stm32l4xx_hal_spi.o
#        D:\study_github\Projects\NUCLEO-L452RE\Applications\FreeRTOS\FreeRTOS_ThreadCreation\EWARM\STM32L452RE_NUCLEO\Obj\stm32l4xx_hal_tim.o
#        D:\study_github\Projects\NUCLEO-L452RE\Applications\FreeRTOS\FreeRTOS_ThreadCreation\EWARM\STM32L452RE_NUCLEO\Obj\stm32l4xx_hal_tim_ex.o
#        D:\study_github\Projects\NUCLEO-L452RE\Applications\FreeRTOS\FreeRTOS_ThreadCreation\EWARM\STM32L452RE_NUCLEO\Obj\stm32l4xx_hal_timebase_tim.o
#        D:\study_github\Projects\NUCLEO-L452RE\Applications\FreeRTOS\FreeRTOS_ThreadCreation\EWARM\STM32L452RE_NUCLEO\Obj\stm32l4xx_hal_uart.o
#        D:\study_github\Projects\NUCLEO-L452RE\Applications\FreeRTOS\FreeRTOS_ThreadCreation\EWARM\STM32L452RE_NUCLEO\Obj\stm32l4xx_it.o
#        D:\study_github\Projects\NUCLEO-L452RE\Applications\FreeRTOS\FreeRTOS_ThreadCreation\EWARM\STM32L452RE_NUCLEO\Obj\stm32l4xx_nucleo.o
#        D:\study_github\Projects\NUCLEO-L452RE\Applications\FreeRTOS\FreeRTOS_ThreadCreation\EWARM\STM32L452RE_NUCLEO\Obj\System_ctrl.o
#        D:\study_github\Projects\NUCLEO-L452RE\Applications\FreeRTOS\FreeRTOS_ThreadCreation\EWARM\STM32L452RE_NUCLEO\Obj\system_stm32l4xx.o
#        D:\study_github\Projects\NUCLEO-L452RE\Applications\FreeRTOS\FreeRTOS_ThreadCreation\EWARM\STM32L452RE_NUCLEO\Obj\tasks.o
#        D:\study_github\Projects\NUCLEO-L452RE\Applications\FreeRTOS\FreeRTOS_ThreadCreation\EWARM\STM32L452RE_NUCLEO\Obj\timers.o
#        --redirect _Printf=_PrintfSmall --redirect _Scanf=_ScanfSmall -o
#        D:\study_github\Projects\NUCLEO-L452RE\Applications\FreeRTOS\FreeRTOS_ThreadCreation\EWARM\STM32L452RE_NUCLEO\Exe\Project.out
#        --map
#        D:\study_github\Projects\NUCLEO-L452RE\Applications\FreeRTOS\FreeRTOS_ThreadCreation\EWARM\STM32L452RE_NUCLEO\List\Project.map
#        --config
#        D:\study_github\Projects\NUCLEO-L452RE\Applications\FreeRTOS\FreeRTOS_ThreadCreation\EWARM\stm32l452xx_flash.icf
#        --semihosting --entry __iar_program_start --vfe --text_out locale)
#
###############################################################################

*******************************************************************************
*** RUNTIME MODEL ATTRIBUTES
***

CppFlavor       = *
__SystemLibrary = DLib
__dlib_version  = 6


*******************************************************************************
*** HEAP SELECTION
***

The basic heap was selected because no calls to memory allocation
functions were found in the application outside of system library
functions, and there are calls to deallocation functions in the
application.


*******************************************************************************
*** PLACEMENT SUMMARY
***

"A0":  place at 0x08000000 { ro section .intvec };
"P1":  place in [from 0x08000000 to 0x0807ffff] { ro };
define block CSTACK with size = 1K, alignment = 8 { };
define block HEAP with size = 512, alignment = 8 { };
"P2":  place in [from 0x20000000 to 0x2001ffff] {
          rw, block CSTACK, block HEAP };
initialize by copy { rw };

  Section            Kind        Address     Size  Object
  -------            ----        -------     ----  ------
"A0":                                       0x194
  .intvec            ro code  0x08000000    0x194  startup_stm32l452xx.o [1]
                            - 0x08000194    0x194

"P1":                                      0x5aaf
  .text              ro code  0x08000194    0x870  stm32l4xx_hal_rcc.o [1]
  .text              ro code  0x08000a04     0x90  stm32l4xx_hal_timebase_tim.o [1]
  .text              ro code  0x08000a94      0xc  stm32l4xx_hal.o [1]
  .text              ro code  0x08000aa0     0x10  stm32l4xx_hal_pwr_ex.o [1]
  .text              ro code  0x08000ab0     0xe0  stm32l4xx_hal_cortex.o [1]
  .text              ro code  0x08000b90    0x64a  stm32l4xx_hal_tim.o [1]
  .text              ro code  0x080011da     0x7a  lz77_init_single.o [5]
  .text              ro code  0x08001254     0x10  stm32l4xx_hal.o [1]
  .text              ro code  0x08001264      0x2  stm32l4xx_hal_tim.o [1]
  .text              ro code  0x08001266      0x2  stm32l4xx_hal_tim.o [1]
  .text              ro code  0x08001268      0x2  stm32l4xx_hal_tim.o [1]
  .text              ro code  0x0800126a      0x2  stm32l4xx_hal_tim.o [1]
  .text              ro code  0x0800126c      0x2  stm32l4xx_hal_tim_ex.o [1]
  .text              ro code  0x0800126e      0x2  stm32l4xx_hal_tim_ex.o [1]
  .text              ro code  0x08001270      0x2  stm32l4xx_hal_tim.o [1]
  .text              ro code  0x08001272      0x2  stm32l4xx_hal_tim_ex.o [1]
  .text              ro code  0x08001274    0x634  lcddriver_ist3088.o [1]
  .text              ro code  0x080018a8     0x7c  cmsis_os.o [1]
  .text              ro code  0x08001924    0x18c  stm32l4xx_hal_gpio.o [1]
  .text              ro code  0x08001ab0    0x5c4  tasks.o [1]
  .text              ro code  0x08002074    0x1d4  port.o [1]
  .text              ro code  0x08002248    0x200  ButtonTask.o [1]
  .text              ro code  0x08002448    0x1e4  heap_4.o [1]
  .text              ro code  0x0800262c     0x3a  ABImemset48.o [5]
  .text              ro code  0x08002666     0x92  list.o [1]
  CODE               ro code  0x080026f8     0xb0  portasm.o [1]
  .text              ro code  0x080027a8      0x6  ABImemclr4.o [5]
  .text              ro code  0x080027b0    0x268  board_init.o [1]
  .text              ro code  0x08002a18     0x36  strlen.o [5]
  .text              ro code  0x08002a50    0x5a0  stm32l4xx_hal_uart.o [1]
  .text              ro code  0x08002ff0     0xce  stm32l4xx_hal_tim_ex.o [1]
  .text              ro code  0x080030be      0x2  stm32l4xx_hal_uart.o [1]
  .text              ro code  0x080030c0    0x22e  I64DivMod.o [5]
  .text              ro code  0x080032f0      0x2  I64DivZer.o [5]
  .text              ro code  0x080032f4     0xe4  main.o [1]
  .text              ro code  0x080033d8     0x22  stm32l4xx_hal.o [1]
  .text              ro code  0x080033fc     0x86  ABImemcpy.o [5]
  .text              ro code  0x08003484     0x8c  system_stm32l4xx.o [1]
  .text              ro code  0x08003510     0x64  stm32l4xx_it.o [1]
  .text              ro code  0x08003574     0x58  Display_task.o [1]
  .text              ro code  0x080035cc     0x40  zero_init3.o [5]
  .text              ro code  0x0800360c     0x28  data_init.o [5]
  .text              ro code  0x08003634     0x22  fpinit_M.o [4]
  .iar.init_table    const    0x08003658     0x20  - Linker created -
  .text              ro code  0x08003678     0x20  System_ctrl.o [1]
  .text              ro code  0x08003698     0x1e  cmain.o [5]
  .text              ro code  0x080036b6      0x4  low_level_init.o [3]
  .text              ro code  0x080036ba      0x4  exit.o [3]
  .text              ro code  0x080036c0      0xa  cexit.o [5]
  .text              ro code  0x080036cc     0x14  exit.o [6]
  .rodata            const    0x080036e0     0x18  main.o [1]
  .text              ro code  0x080036f8     0x10  startup_stm32l452xx.o [1]
  .text              ro code  0x08003708      0xc  cstartup_M.o [5]
  .rodata            const    0x08003714      0x8  system_stm32l4xx.o [1]
  .text              ro code  0x0800371c      0x4  startup_stm32l452xx.o [1]
  .text              ro code  0x08003720      0x4  startup_stm32l452xx.o [1]
  .text              ro code  0x08003724      0x4  startup_stm32l452xx.o [1]
  .text              ro code  0x08003728      0x4  startup_stm32l452xx.o [1]
  .text              ro code  0x0800372c      0x4  startup_stm32l452xx.o [1]
  .text              ro code  0x08003730      0x4  startup_stm32l452xx.o [1]
  .text              ro code  0x08003734      0x4  startup_stm32l452xx.o [1]
  .text              ro code  0x08003738      0x4  startup_stm32l452xx.o [1]
  .text              ro code  0x0800373c      0x4  startup_stm32l452xx.o [1]
  .text              ro code  0x08003740      0x4  startup_stm32l452xx.o [1]
  .text              ro code  0x08003744      0x4  startup_stm32l452xx.o [1]
  .text              ro code  0x08003748      0x4  startup_stm32l452xx.o [1]
  .text              ro code  0x0800374c      0x4  startup_stm32l452xx.o [1]
  .text              ro code  0x08003750      0x4  startup_stm32l452xx.o [1]
  .text              ro code  0x08003754      0x4  startup_stm32l452xx.o [1]
  .text              ro code  0x08003758      0x4  startup_stm32l452xx.o [1]
  .text              ro code  0x0800375c      0x4  startup_stm32l452xx.o [1]
  .text              ro code  0x08003760      0x4  startup_stm32l452xx.o [1]
  .text              ro code  0x08003764      0x4  startup_stm32l452xx.o [1]
  .text              ro code  0x08003768      0x4  startup_stm32l452xx.o [1]
  .text              ro code  0x0800376c      0x4  startup_stm32l452xx.o [1]
  .text              ro code  0x08003770      0x4  startup_stm32l452xx.o [1]
  .text              ro code  0x08003774      0x4  startup_stm32l452xx.o [1]
  .text              ro code  0x08003778      0x4  startup_stm32l452xx.o [1]
  .text              ro code  0x0800377c      0x4  startup_stm32l452xx.o [1]
  .text              ro code  0x08003780      0x4  startup_stm32l452xx.o [1]
  .text              ro code  0x08003784      0x4  startup_stm32l452xx.o [1]
  .text              ro code  0x08003788      0x4  startup_stm32l452xx.o [1]
  .text              ro code  0x0800378c      0x4  startup_stm32l452xx.o [1]
  .text              ro code  0x08003790      0x4  startup_stm32l452xx.o [1]
  .text              ro code  0x08003794      0x4  startup_stm32l452xx.o [1]
  .text              ro code  0x08003798      0x4  startup_stm32l452xx.o [1]
  .text              ro code  0x0800379c      0x4  startup_stm32l452xx.o [1]
  .text              ro code  0x080037a0      0x4  startup_stm32l452xx.o [1]
  .text              ro code  0x080037a4      0x4  startup_stm32l452xx.o [1]
  .text              ro code  0x080037a8      0x4  startup_stm32l452xx.o [1]
  .text              ro code  0x080037ac      0x4  startup_stm32l452xx.o [1]
  .text              ro code  0x080037b0      0x4  startup_stm32l452xx.o [1]
  .text              ro code  0x080037b4      0x4  startup_stm32l452xx.o [1]
  .text              ro code  0x080037b8      0x4  startup_stm32l452xx.o [1]
  .text              ro code  0x080037bc      0x4  startup_stm32l452xx.o [1]
  .text              ro code  0x080037c0      0x4  startup_stm32l452xx.o [1]
  .text              ro code  0x080037c4      0x4  startup_stm32l452xx.o [1]
  .text              ro code  0x080037c8      0x4  startup_stm32l452xx.o [1]
  .text              ro code  0x080037cc      0x4  startup_stm32l452xx.o [1]
  .text              ro code  0x080037d0      0x4  startup_stm32l452xx.o [1]
  .text              ro code  0x080037d4      0x4  startup_stm32l452xx.o [1]
  .text              ro code  0x080037d8      0x4  startup_stm32l452xx.o [1]
  .text              ro code  0x080037dc      0x4  startup_stm32l452xx.o [1]
  .text              ro code  0x080037e0      0x4  startup_stm32l452xx.o [1]
  .text              ro code  0x080037e4      0x4  startup_stm32l452xx.o [1]
  .text              ro code  0x080037e8      0x4  startup_stm32l452xx.o [1]
  .text              ro code  0x080037ec      0x4  startup_stm32l452xx.o [1]
  .text              ro code  0x080037f0      0x4  startup_stm32l452xx.o [1]
  .text              ro code  0x080037f4      0x4  startup_stm32l452xx.o [1]
  .text              ro code  0x080037f8      0x4  startup_stm32l452xx.o [1]
  .text              ro code  0x080037fc      0x4  startup_stm32l452xx.o [1]
  .text              ro code  0x08003800      0x4  startup_stm32l452xx.o [1]
  .text              ro code  0x08003804      0x4  startup_stm32l452xx.o [1]
  .text              ro code  0x08003808      0x4  startup_stm32l452xx.o [1]
  .text              ro code  0x0800380c      0x4  startup_stm32l452xx.o [1]
  .text              ro code  0x08003810      0x4  startup_stm32l452xx.o [1]
  .text              ro code  0x08003814      0x4  startup_stm32l452xx.o [1]
  .text              ro code  0x08003818      0x4  startup_stm32l452xx.o [1]
  .text              ro code  0x0800381c      0x4  startup_stm32l452xx.o [1]
  .text              ro code  0x08003820      0x4  startup_stm32l452xx.o [1]
  .rodata            const    0x08003824      0x0  zero_init3.o [5]
  .rodata            const    0x08003824      0x0  lz77_init_single.o [5]
  Initializer bytes  const    0x08003824   0x241f  <for P2-1>
                            - 0x08005c43   0x5aaf

"P2", part 1 of 3:                         0x70ac
  P2-1                        0x20000000   0x70ac  <Init block>
    .data            inited   0x20000000   0x7090  lcddriver_ist3088.o [1]
    .data            inited   0x20007090      0xc  port.o [1]
    .data            inited   0x2000709c      0xc  stm32l4xx_hal.o [1]
    .data            inited   0x200070a8      0x4  system_stm32l4xx.o [1]
                            - 0x200070ac   0x70ac

"P2", part 2 of 3:                        0x11a84
  .bss               zero     0x200070ac  0x11818  heap_4.o [1]
  .bss               zero     0x200188c4     0xa0  tasks.o [1]
  .bss               zero     0x20018964     0x8c  tasks.o [1]
  .bss               zero     0x200189f0     0x80  board_init.o [1]
  .bss               zero     0x20018a70     0x68  board_init.o [1]
  .bss               zero     0x20018ad8     0x4c  stm32l4xx_hal_timebase_tim.o [1]
  .bss               zero     0x20018b24      0x4  Display_task.o [1]
  .bss               zero     0x20018b28      0x4  System_ctrl.o [1]
  .bss               zero     0x20018b2c      0x2  System_ctrl.o [1]
  .bss               zero     0x20018b2e      0x1  ButtonTask.o [1]
  .bss               zero     0x20018b2f      0x1  Display_task.o [1]
                            - 0x20018b30  0x11a84

"P2", part 3 of 3:                          0x400
  CSTACK                      0x20018b30    0x400  <Block>
    CSTACK           uninit   0x20018b30    0x400  <Block tail>
                            - 0x20018f30    0x400


*******************************************************************************
*** INIT TABLE
***

          Address     Size
          -------     ----
Zero (__iar_zero_init3)
    1 destination range, total size 0x11a84:
          0x200070ac  0x11a84

Copy/lz77 (__iar_lz77_init_single3)
    1 source range, total size 0x241f (32% of destination):
          0x08003824   0x241f
    1 destination range, total size 0x70ac:
          0x20000000   0x70ac



*******************************************************************************
*** MODULE SUMMARY
***

    Module                        ro code  ro data  rw data
    ------                        -------  -------  -------
D:\study_github\Projects\NUCLEO-L452RE\Applications\FreeRTOS\FreeRTOS_ThreadCreation\EWARM\STM32L452RE_NUCLEO\Obj: [1]
    ButtonTask.o                      512                 1
    Display_task.o                     88                 5
    System_ctrl.o                      32                 6
    board_init.o                      616               232
    cmsis_os.o                        124
    heap_4.o                          484            71 704
    lcddriver_ist3088.o             1 588    9 238   28 816
    list.o                            146
    main.o                            228       24
    port.o                            468        3       12
    portasm.o                         176
    startup_stm32l452xx.o             684
    stm32l4xx_hal.o                    62        4       12
    stm32l4xx_hal_cortex.o            224
    stm32l4xx_hal_gpio.o              396
    stm32l4xx_hal_pwr_ex.o             16
    stm32l4xx_hal_rcc.o             2 160
    stm32l4xx_hal_tim.o             1 620
    stm32l4xx_hal_tim_ex.o            212
    stm32l4xx_hal_timebase_tim.o      144                76
    stm32l4xx_hal_uart.o            1 442
    stm32l4xx_it.o                    100
    system_stm32l4xx.o                140       10        4
    tasks.o                         1 476               300
    -------------------------------------------------------
    Total:                         13 138    9 279  101 168

command line: [2]
    -------------------------------------------------------
    Total:

dl7M_tlf.a: [3]
    exit.o                              4
    low_level_init.o                    4
    -------------------------------------------------------
    Total:                              8

m7M_tls.a: [4]
    fpinit_M.o                         34
    -------------------------------------------------------
    Total:                             34

rt7M_tl.a: [5]
    ABImemclr4.o                        6
    ABImemcpy.o                       134
    ABImemset48.o                      58
    I64DivMod.o                       558
    I64DivZer.o                         2
    cexit.o                            10
    cmain.o                            30
    cstartup_M.o                       12
    data_init.o                        40
    lz77_init_single.o                122
    strlen.o                           54
    zero_init3.o                       64
    -------------------------------------------------------
    Total:                          1 090

shb_l.a: [6]
    exit.o                             20
    -------------------------------------------------------
    Total:                             20

    Gaps                               16        2
    Linker created                              32    1 024
-----------------------------------------------------------
    Grand Total:                   14 306    9 313  102 192


*******************************************************************************
*** ENTRY LIST
***

Entry                      Address     Size  Type      Object
-----                      -------     ----  ----      ------
.iar.init_table$$Base   0x08003658            --   Gb  - Linker created -
.iar.init_table$$Limit  0x08003678            --   Gb  - Linker created -
?main                   0x08003699           Code  Gb  cmain.o [5]
AHBPrescTable           0x080034d0     0x10  Data  Gb  system_stm32l4xx.o [1]
APBPrescTable           0x08003714      0x8  Data  Gb  system_stm32l4xx.o [1]
Board_BrightnessInit    0x080028d3     0x9c  Code  Gb  board_init.o [1]
Board_GpioInit          0x080027ed     0x64  Code  Gb  board_init.o [1]
Board_Init              0x080027b1     0x1c  Code  Gb  board_init.o [1]
Board_setBrightness     0x0800296f     0x68  Code  Gb  board_init.o [1]
BusFault_Handler        0x08003517      0x2  Code  Gb  stm32l4xx_it.o [1]
CSTACK$$Base            0x20018b30            --   Gb  - Linker created -
CSTACK$$Limit           0x20018f30            --   Gb  - Linker created -
DELAY_MS                0x080012bd     0x1c  Code  Gb  lcddriver_ist3088.o [1]
DELAY_MS_LCD            0x080012d9     0x1c  Code  Gb  lcddriver_ist3088.o [1]
DPrint_Out              0x080027cd     0x20  Code  Gb  board_init.o [1]
Deay_ns                 0x080012f5     0x24  Code  Gb  lcddriver_ist3088.o [1]
DebugMon_Handler        0x0800351b      0x2  Code  Gb  stm32l4xx_it.o [1]
Debug_printInit         0x08002851     0x82  Code  Gb  board_init.o [1]
DisplayCord1            0x20000000   0x1c20  Data  Gb  lcddriver_ist3088.o [1]
EXTI2_IRQHandler        0x0800355f     0x10  Code  Gb  stm32l4xx_it.o [1]
EXTI9_5_IRQHandler      0x08003521     0x3e  Code  Gb  stm32l4xx_it.o [1]
HAL_GPIO_EXTI_Callback  0x080022f9     0xae  Code  Gb  ButtonTask.o [1]
HAL_GPIO_EXTI_IRQHandler
                        0x08001a7f     0x12  Code  Gb  stm32l4xx_hal_gpio.o [1]
HAL_GPIO_Init           0x08001925    0x15a  Code  Gb  stm32l4xx_hal_gpio.o [1]
HAL_GetTick             0x08000a95      0xc  Code  Wk  stm32l4xx_hal.o [1]
HAL_IncTick             0x08001255     0x10  Code  Wk  stm32l4xx_hal.o [1]
HAL_Init                0x080033d9     0x20  Code  Gb  stm32l4xx_hal.o [1]
HAL_InitTick            0x08000a05     0x76  Code  Gb  stm32l4xx_hal_timebase_tim.o [1]
HAL_NVIC_EnableIRQ      0x08000b5f      0x2  Code  Gb  stm32l4xx_hal_cortex.o [1]
HAL_NVIC_SetPriority    0x08000b41     0x1e  Code  Gb  stm32l4xx_hal_cortex.o [1]
HAL_NVIC_SetPriorityGrouping
                        0x08000b3f      0x2  Code  Gb  stm32l4xx_hal_cortex.o [1]
HAL_PWREx_GetVoltageRange
                        0x08000aa1      0xc  Code  Gb  stm32l4xx_hal_pwr_ex.o [1]
HAL_RCC_ClockConfig     0x0800072b    0x11a  Code  Gb  stm32l4xx_hal_rcc.o [1]
HAL_RCC_GetClockConfig  0x08000913     0x34  Code  Gb  stm32l4xx_hal_rcc.o [1]
HAL_RCC_GetHCLKFreq     0x080008d9      0x6  Code  Gb  stm32l4xx_hal_rcc.o [1]
HAL_RCC_GetPCLK1Freq    0x080008df     0x1a  Code  Gb  stm32l4xx_hal_rcc.o [1]
HAL_RCC_GetPCLK2Freq    0x080008f9     0x1a  Code  Gb  stm32l4xx_hal_rcc.o [1]
HAL_RCC_GetSysClockFreq
                        0x08000845     0x94  Code  Gb  stm32l4xx_hal_rcc.o [1]
HAL_RCC_OscConfig       0x08000195    0x596  Code  Gb  stm32l4xx_hal_rcc.o [1]
HAL_SYSTICK_CLKSourceConfig
                        0x08000b61     0x18  Code  Gb  stm32l4xx_hal_cortex.o [1]
HAL_TIMEx_Break2Callback
                        0x0800126f      0x2  Code  Wk  stm32l4xx_hal_tim_ex.o [1]
HAL_TIMEx_BreakCallback
                        0x0800126d      0x2  Code  Wk  stm32l4xx_hal_tim_ex.o [1]
HAL_TIMEx_CommutCallback
                        0x08001273      0x2  Code  Wk  stm32l4xx_hal_tim_ex.o [1]
HAL_TIMEx_PWMN_Start    0x08002ff1     0xa0  Code  Gb  stm32l4xx_hal_tim_ex.o [1]
HAL_TIM_Base_Init       0x08000b91     0x48  Code  Gb  stm32l4xx_hal_tim.o [1]
HAL_TIM_Base_Start_IT   0x08000bd9     0x68  Code  Gb  stm32l4xx_hal_tim.o [1]
HAL_TIM_IRQHandler      0x08000c99    0x16c  Code  Gb  stm32l4xx_hal_tim.o [1]
HAL_TIM_PWM_ConfigChannel
                        0x08000e05    0x122  Code  Gb  stm32l4xx_hal_tim.o [1]
HAL_TIM_PWM_Init        0x08000c4d     0x48  Code  Gb  stm32l4xx_hal_tim.o [1]
HAL_TIM_PeriodElapsedCallback
                        0x08000a7b      0x4  Code  Gb  stm32l4xx_hal_timebase_tim.o [1]
HAL_UART_DeInit         0x08002abb     0x3a  Code  Gb  stm32l4xx_hal_uart.o [1]
HAL_UART_Init           0x08002a51     0x6a  Code  Gb  stm32l4xx_hal_uart.o [1]
HAL_UART_Transmit       0x08002af5     0xd8  Code  Gb  stm32l4xx_hal_uart.o [1]
HardFault_Handler       0x08003513      0x2  Code  Gb  stm32l4xx_it.o [1]
KeyValue                0x20018b2e      0x1  Data  Gb  ButtonTask.o [1]
Keyboard_Init           0x08002249     0xb0  Code  Gb  ButtonTask.o [1]
LCD_BusData             0x080013ab     0x5a  Code  Gb  lcddriver_ist3088.o [1]
LCD_ClearScreen         0x08001629     0x2a  Code  Gb  lcddriver_ist3088.o [1]
LCD_DataOutInPut        0x08001319     0x40  Code  Gb  lcddriver_ist3088.o [1]
LCD_DisplayInit         0x080016e5    0x162  Code  Gb  lcddriver_ist3088.o [1]
LCD_GPIOInit            0x08001359     0x52  Code  Gb  lcddriver_ist3088.o [1]
LCD_MainAddSet          0x080015bb     0x40  Code  Gb  lcddriver_ist3088.o [1]
LCD_MainAddSet0         0x0800157b     0x40  Code  Gb  lcddriver_ist3088.o [1]
LCD_PowerOff            0x08001653     0x92  Code  Gb  lcddriver_ist3088.o [1]
LCD_RdData              0x08001509     0x72  Code  Gb  lcddriver_ist3088.o [1]
LCD_SdCmd               0x08001455     0x6c  Code  Gb  lcddriver_ist3088.o [1]
LCD_SdData              0x080014c1     0x48  Code  Gb  lcddriver_ist3088.o [1]
LCD_WriteScreen         0x080015fb     0x2e  Code  Gb  lcddriver_ist3088.o [1]
Lcd_RdBus               0x08001405     0x50  Code  Gb  lcddriver_ist3088.o [1]
MSIRangeTable           0x080034e0     0x30  Data  Gb  system_stm32l4xx.o [1]
MemManage_Handler       0x08003515      0x2  Code  Gb  stm32l4xx_it.o [1]
NMI_Handler             0x08003511      0x2  Code  Gb  stm32l4xx_it.o [1]
NVIC_EncodePriority     0x08000b09     0x36  Code  Lc  stm32l4xx_hal_cortex.o [1]
PendSV_Handler          0x080026f9           Code  Gb  portasm.o [1]
RCC_SetFlashLatencyFromMSIRange
                        0x08000947     0x7a  Code  Lc  stm32l4xx_hal_rcc.o [1]
Region$$Table$$Base     0x08003658            --   Gb  - Linker created -
Region$$Table$$Limit    0x08003678            --   Gb  - Linker created -
SVC_Handler             0x08002751           Code  Gb  portasm.o [1]
SysTick_Handler         0x0800351d      0x4  Code  Gb  stm32l4xx_it.o [1]
Sysctrl_Handle          0x20018b28      0x4  Data  Gb  System_ctrl.o [1]
Sysctrl_Thread          0x08003679     0x20  Code  Gb  System_ctrl.o [1]
SystemClock_Config      0x08003345     0x6c  Code  Gb  main.o [1]
SystemCoreClock         0x200070a8      0x4  Data  Gb  system_stm32l4xx.o [1]
SystemInit              0x08003485     0x3c  Code  Gb  system_stm32l4xx.o [1]
TIM6_DAC_IRQHandler     0x08000a7f      0x6  Code  Gb  stm32l4xx_hal_timebase_tim.o [1]
TIM_Base_SetConfig      0x08000f27     0x7e  Code  Gb  stm32l4xx_hal_tim.o [1]
TIM_CCxNChannelCmd      0x080030a1     0x1e  Code  Lc  stm32l4xx_hal_tim_ex.o [1]
TIM_OC1_SetConfig       0x08000fa5     0x68  Code  Lc  stm32l4xx_hal_tim.o [1]
TIM_OC2_SetConfig       0x0800100d     0x62  Code  Gb  stm32l4xx_hal_tim.o [1]
TIM_OC3_SetConfig       0x0800106f     0x60  Code  Lc  stm32l4xx_hal_tim.o [1]
TIM_OC4_SetConfig       0x080010cf     0x4e  Code  Lc  stm32l4xx_hal_tim.o [1]
TIM_OC5_SetConfig       0x0800111d     0x4c  Code  Lc  stm32l4xx_hal_tim.o [1]
TIM_OC6_SetConfig       0x08001169     0x4e  Code  Lc  stm32l4xx_hal_tim.o [1]
TimHandle               0x20018ad8     0x4c  Data  Gb  stm32l4xx_hal_timebase_tim.o [1]
TimHandle1              0x20018a8c     0x4c  Data  Gb  board_init.o [1]
TimOCConfig             0x20018a70     0x1c  Data  Gb  board_init.o [1]
UART_AdvFeatureConfig   0x08002e25     0xc8  Code  Gb  stm32l4xx_hal_uart.o [1]
UART_CheckIdleState     0x08002eed     0x62  Code  Gb  stm32l4xx_hal_uart.o [1]
UART_SetConfig          0x08002bcd    0x234  Code  Gb  stm32l4xx_hal_uart.o [1]
UART_WaitOnFlagUntilTimeout
                        0x08002f4f     0xa0  Code  Gb  stm32l4xx_hal_uart.o [1]
UIctrl_Handle           0x20018b24      0x4  Data  Gb  Display_task.o [1]
UIctrl_Thread           0x08003575     0x38  Code  Gb  Display_task.o [1]
UartHandleDebug         0x200189f0     0x80  Data  Gb  board_init.o [1]
UsageFault_Handler      0x08003519      0x2  Code  Gb  stm32l4xx_it.o [1]
__NVIC_EnableIRQ        0x08000ad5     0x16  Code  Lc  stm32l4xx_hal_cortex.o [1]
__NVIC_GetPriorityGrouping
                        0x08000acb      0xa  Code  Lc  stm32l4xx_hal_cortex.o [1]
__NVIC_SetPriority      0x08000aeb     0x1e  Code  Lc  stm32l4xx_hal_cortex.o [1]
__NVIC_SetPriorityGrouping
                        0x08000ab1     0x1a  Code  Lc  stm32l4xx_hal_cortex.o [1]
__aeabi_ldiv0           0x080032f1           Code  Gb  I64DivZer.o [5]
__aeabi_memclr4         0x080027a9           Code  Gb  ABImemclr4.o [5]
__aeabi_memcpy4         0x080033fd           Code  Gb  ABImemcpy.o [5]
__aeabi_memcpy8         0x080033fd           Code  Gb  ABImemcpy.o [5]
__aeabi_memset4         0x0800262d           Code  Gb  ABImemset48.o [5]
__aeabi_memset8         0x0800262d           Code  Gb  ABImemset48.o [5]
__aeabi_uldivmod        0x080030c1           Code  Gb  I64DivMod.o [5]
__cmain                 0x08003699           Code  Gb  cmain.o [5]
__exit                  0x080036cd     0x14  Code  Gb  exit.o [6]
__iar_Memset4_word      0x08002635           Code  Gb  ABImemset48.o [5]
__iar_Memset8_word      0x08002635           Code  Gb  ABImemset48.o [5]
__iar_data_init3        0x0800360d     0x28  Code  Gb  data_init.o [5]
__iar_init_vfp          0x08003635           Code  Gb  fpinit_M.o [4]
__iar_lz77_init_single3
                        0x080011db     0x7a  Code  Gb  lz77_init_single.o [5]
__iar_program_start     0x08003709           Code  Gb  cstartup_M.o [5]
__iar_systems$$module {Abs}
                        0x00000001           Data  Gb  command line/config [2]
__iar_zero_init3        0x080035cd     0x40  Code  Gb  zero_init3.o [5]
__low_level_init        0x080036b7      0x4  Code  Gb  low_level_init.o [3]
__vector_table          0x08000000           Data  Gb  startup_stm32l452xx.o [1]
_call_main              0x080036a5           Code  Gb  cmain.o [5]
_exit                   0x080036c1           Code  Gb  cexit.o [5]
_main                   0x080036b3           Code  Gb  cmain.o [5]
bright_status           0x20018b2c      0x2  Data  Gb  System_ctrl.o [1]
delay_init              0x08001275      0x6  Code  Gb  lcddriver_ist3088.o [1]
delay_ms                0x080012a5     0x18  Code  Gb  lcddriver_ist3088.o [1]
delay_us                0x0800127b     0x2a  Code  Gb  lcddriver_ist3088.o [1]
displayIndex            0x20018b2f      0x1  Data  Gb  Display_task.o [1]
display_picture         0x08001847     0x2e  Code  Gb  lcddriver_ist3088.o [1]
exit                    0x080036bb      0x4  Code  Gb  exit.o [3]
gImage_ba               0x20005470   0x1c20  Data  Gb  lcddriver_ist3088.o [1]
gImage_ts               0x20003848   0x1c28  Data  Gb  lcddriver_ist3088.o [1]
gImage_wukong           0x20001c20   0x1c28  Data  Gb  lcddriver_ist3088.o [1]
main                    0x080032f5     0x46  Code  Gb  main.o [1]
makeFreeRtosPriority    0x080018a9      0xe  Code  Lc  cmsis_os.o [1]
osDelay                 0x08001901     0x10  Code  Gb  cmsis_os.o [1]
osKernelRunning         0x080018c1     0x12  Code  Gb  cmsis_os.o [1]
osKernelStart           0x080018b7      0xa  Code  Gb  cmsis_os.o [1]
osSystickHandler        0x08001911     0x14  Code  Gb  cmsis_os.o [1]
osThreadCreate          0x080018d3     0x2e  Code  Gb  cmsis_os.o [1]
prvAddCurrentTaskToDelayedList
                        0x08002009     0x68  Code  Lc  tasks.o [1]
prvAddNewTaskToReadyList
                        0x08001bd5     0x86  Code  Lc  tasks.o [1]
prvCheckTasksWaitingTermination
                        0x08001f77     0x34  Code  Lc  tasks.o [1]
prvDeleteTCB            0x08001fb9     0x14  Code  Lc  tasks.o [1]
prvHeapInit             0x08002589     0x4e  Code  Lc  heap_4.o [1]
prvIdleTask             0x08001f09     0x20  Code  Lc  tasks.o [1]
prvInitialiseNewTask    0x08001b13     0xc2  Code  Lc  tasks.o [1]
prvInitialiseTaskLists  0x08001f29     0x4e  Code  Lc  tasks.o [1]
prvInsertBlockIntoFreeList
                        0x080025d7     0x4e  Code  Lc  heap_4.o [1]
prvResetNextTaskUnblockTime
                        0x08001fcd     0x20  Code  Lc  tasks.o [1]
prvTaskExitError        0x0800209d     0x28  Code  Lc  port.o [1]
pvPortMalloc            0x08002449     0xdc  Code  Gb  heap_4.o [1]
pxCurrentTCB            0x200188ec      0x4  Data  Gb  tasks.o [1]
pxDelayedTaskList       0x200188f0      0x4  Data  Lc  tasks.o [1]
pxEnd                   0x200070b4      0x4  Data  Lc  heap_4.o [1]
pxOverflowDelayedTaskList
                        0x200188f4      0x4  Data  Lc  tasks.o [1]
pxPortInitialiseStack   0x08002075     0x28  Code  Gb  port.o [1]
pxReadyTasksLists       0x20018964     0x8c  Data  Lc  tasks.o [1]
strlen                  0x08002a19           Code  Gb  strlen.o [5]
ucHeap                  0x200070c4  0x11800  Data  Lc  heap_4.o [1]
ucMaxSysCallPriority    0x20007090      0x1  Data  Lc  port.o [1]
ulMaxPRIGROUPValue      0x20007098      0x4  Data  Lc  port.o [1]
uwTick                  0x200070a0      0x4  Data  Gb  stm32l4xx_hal.o [1]
uwTickFreq              0x2000709c      0x1  Data  Gb  stm32l4xx_hal.o [1]
uwTickPrio              0x200070a4      0x4  Data  Gb  stm32l4xx_hal.o [1]
uxCriticalNesting       0x20007094      0x4  Data  Lc  port.o [1]
uxCurrentNumberOfTasks  0x20018910      0x4  Data  Lc  tasks.o [1]
uxDeletedTasksWaitingCleanUp
                        0x200188f8      0x4  Data  Lc  tasks.o [1]
uxListRemove            0x080026d3     0x26  Code  Gb  list.o [1]
uxPendedTicks           0x20018920      0x4  Data  Lc  tasks.o [1]
uxSchedulerSuspended    0x20018934      0x4  Data  Lc  tasks.o [1]
uxTaskNumber            0x2001892c      0x4  Data  Lc  tasks.o [1]
uxTopReadyPriority      0x20018918      0x4  Data  Lc  tasks.o [1]
vListInitialise         0x08002667     0x1a  Code  Gb  list.o [1]
vListInitialiseItem     0x08002681      0x6  Code  Gb  list.o [1]
vListInsert             0x0800269f     0x34  Code  Gb  list.o [1]
vListInsertEnd          0x08002687     0x18  Code  Gb  list.o [1]
vPortEnableVFP          0x0800278d           Code  Gb  portasm.o [1]
vPortEnterCritical      0x08002185     0x32  Code  Gb  port.o [1]
vPortExitCritical       0x080021b7     0x26  Code  Gb  port.o [1]
vPortFree               0x08002525     0x64  Code  Gb  heap_4.o [1]
vPortStartFirstTask     0x0800276d           Code  Gb  portasm.o [1]
vTaskDelay              0x08001c5b     0x4c  Code  Gb  tasks.o [1]
vTaskStartScheduler     0x08001ca7     0x60  Code  Gb  tasks.o [1]
vTaskSuspendAll         0x08001d11      0xc  Code  Gb  tasks.o [1]
vTaskSwitchContext      0x08001eab     0x5e  Code  Gb  tasks.o [1]
xBlockAllocatedBit      0x200070c0      0x4  Data  Lc  heap_4.o [1]
xDelayedTaskList1       0x20018938     0x14  Data  Lc  tasks.o [1]
xDelayedTaskList2       0x2001894c     0x14  Data  Lc  tasks.o [1]
xFreeBytesRemaining     0x200070b8      0x4  Data  Lc  heap_4.o [1]
xIdleTaskHandle         0x20018960      0x4  Data  Lc  tasks.o [1]
xMinimumEverFreeBytesRemaining
                        0x200070bc      0x4  Data  Lc  heap_4.o [1]
xNextTaskUnblockTime    0x20018930      0x4  Data  Lc  tasks.o [1]
xNumOfOverflows         0x20018928      0x4  Data  Lc  tasks.o [1]
xPendingReadyList       0x200188c4     0x14  Data  Lc  tasks.o [1]
xPortStartScheduler     0x080020c5     0xc0  Code  Gb  port.o [1]
xPortSysTickHandler     0x080021dd     0x28  Code  Gb  port.o [1]
xSchedulerRunning       0x2001891c      0x4  Data  Lc  tasks.o [1]
xStart                  0x200070ac      0x8  Data  Lc  heap_4.o [1]
xSuspendedTaskList      0x200188fc     0x14  Data  Lc  tasks.o [1]
xTaskCreate             0x08001ab1     0x62  Code  Gb  tasks.o [1]
xTaskGetSchedulerState  0x08001fed     0x1c  Code  Gb  tasks.o [1]
xTaskIncrementTick      0x08001ddd     0xce  Code  Gb  tasks.o [1]
xTaskResumeAll          0x08001d1d     0xc0  Code  Gb  tasks.o [1]
xTasksWaitingTermination
                        0x200188d8     0x14  Data  Lc  tasks.o [1]
xTickCount              0x20018914      0x4  Data  Lc  tasks.o [1]
xYieldPending           0x20018924      0x4  Data  Lc  tasks.o [1]


[1] = D:\study_github\Projects\NUCLEO-L452RE\Applications\FreeRTOS\FreeRTOS_ThreadCreation\EWARM\STM32L452RE_NUCLEO\Obj
[2] = command line
[3] = dl7M_tlf.a
[4] = m7M_tls.a
[5] = rt7M_tl.a
[6] = shb_l.a

   14 306 bytes of readonly  code memory
    9 313 bytes of readonly  data memory
  102 192 bytes of readwrite data memory

Errors: none
Warnings: none
